﻿
> hashplay-ai@0.0.0 build
> tsc -b && vite build

[36mvite v7.3.1 [32mbuilding client environment for production...[36m[39m
transforming...
[32mÔ£ô[39m 7 modules transformed.
node.exe : 
[31mÔ£ù[39m Build 
failed in 515ms
At C:\Program Files\no
dejs\npm.ps1:29 char:3
+   & $NODE_EXE 
$NPM_CLI_JS $args
+   ~~~~~~~~~~~~~~~~~~
~~~~~~~~~~~
    + CategoryInfo    
          : NotSpeci  
  fied: ([31mÔ£ù[   
 39m Build failed     
in 515ms:String)     
[], RemoteExcepti    
on
    + FullyQualifiedE 
   rrorId : NativeCo  
  mmandError
 
[31merror during 
build:
[31m[vite]: Rollup 
failed to resolve 
import "hashconnect" 
from "C:/Users/HP/.gem
ini/antigravity/scratc
h/hashplay-ai/src/cont
ext/HashConnectContext
.tsx".
This is most likely 
unintended because it 
can break your 
application at 
runtime.
If you do want to 
externalize this 
module explicitly add 
it to
`build.rollupOptions.e
xternal`[31m
    at viteLog (file:/
//C:/Users/HP/.gemini/
antigravity/scratch/ha
shplay-ai/node_modules
/vite/dist/node/chunks
/config.js:33635:57)
    at file:///C:/User
s/HP/.gemini/antigravi
ty/scratch/hashplay-ai
/node_modules/vite/dis
t/node/chunks/config.j
s:33669:73
    at onwarn (file://
/C:/Users/HP/.gemini/a
ntigravity/scratch/has
hplay-ai/node_modules/
@vitejs/plugin-react/d
ist/index.js:76:7)
    at file:///C:/User
s/HP/.gemini/antigravi
ty/scratch/hashplay-ai
/node_modules/vite/dis
t/node/chunks/config.j
s:33669:28
    at onRollupLog (fi
le:///C:/Users/HP/.gem
ini/antigravity/scratc
h/hashplay-ai/node_mod
ules/vite/dist/node/ch
unks/config.js:33664:6
3)
    at onLog (file:///
C:/Users/HP/.gemini/an
tigravity/scratch/hash
play-ai/node_modules/v
ite/dist/node/chunks/c
onfig.js:33467:4)
    at file:///C:/User
s/HP/.gemini/antigravi
ty/scratch/hashplay-ai
/node_modules/rollup/d
ist/es/shared/node-ent
ry.js:20981:32
    at Object.logger 
[as onLog] (file:///C:
/Users/HP/.gemini/anti
gravity/scratch/hashpl
ay-ai/node_modules/rol
lup/dist/es/shared/nod
e-entry.js:22968:9)
    at ModuleLoader.ha
ndleInvalidResolvedId 
(file:///C:/Users/HP/.
gemini/antigravity/scr
atch/hashplay-ai/node_
modules/rollup/dist/es
/shared/node-entry.js:
21712:26)
    at file:///C:/User
s/HP/.gemini/antigravi
ty/scratch/hashplay-ai
/node_modules/rollup/d
ist/es/shared/node-ent
ry.js:21670:26[39m
